{
  "classification": "targeted uncertain-starter test on final verified MM base; GW22-38 reused diagnostic",
  "selected": "none",
  "selected_l2": null,
  "development": {
    "unified_all": {
      "n": 4670,
      "state_log_loss": 0.4535426216202897,
      "state_brier": 0.23505916312151204,
      "sub_brier_given_nonstart": 0.0815917256255603,
      "xmins_mae": 11.395086272574888,
      "xmins_rmse": 21.67070219157977,
      "xmins_bias": -0.026123916113398402,
      "mean_q_sub_given_nonstart": 0.13445281332076575,
      "actual_q_sub_given_nonstart": 0.1382089552238806
    },
    "unified_uncertain": {
      "n": 833,
      "state_log_loss": 0.9469170405902858,
      "state_brier": 0.5475724735994877,
      "sub_brier_given_nonstart": 0.2030415736258427,
      "xmins_mae": 30.50340693883164,
      "xmins_rmse": 34.725587320855894,
      "xmins_bias": -1.4851919294266647,
      "mean_q_sub_given_nonstart": 0.5003343492683211,
      "actual_q_sub_given_nonstart": 0.47129186602870815
    },
    "candidates": [
      {
        "candidate": "recent_start_minutes",
        "l2": 40.0,
        "uncertain_n": 833,
        "uncertain_state_log_loss": 0.9450980263064388,
        "uncertain_xmins_mae": 30.481325391727765,
        "uncertain_xmins_rmse": 34.814007212993715,
        "all_state_log_loss": 0.45173169070292696,
        "all_xmins_mae": 11.424712296436969,
        "all_xmins_rmse": 21.646427853303106,
        "delta_uncertain_mae": -0.022081547103873334,
        "delta_uncertain_rmse": 0.08841989213782142,
        "delta_all_mae": 0.029626023862080686,
        "delta_all_rmse": -0.024274338276665475,
        "delta_all_state_log_loss": -0.0018109309173627297
      },
      {
        "candidate": "recent_start_state",
        "l2": 40.0,
        "uncertain_n": 833,
        "uncertain_state_log_loss": 0.9485458143772669,
        "uncertain_xmins_mae": 30.655056648326575,
        "uncertain_xmins_rmse": 34.831972113803474,
        "all_state_log_loss": 0.4534064917837942,
        "all_xmins_mae": 11.477093233280895,
        "all_xmins_rmse": 21.682783034138676,
        "delta_uncertain_mae": 0.1516497094949365,
        "delta_uncertain_rmse": 0.10638479294757985,
        "delta_all_mae": 0.08200696070600699,
        "delta_all_rmse": 0.012080842558905402,
        "delta_all_state_log_loss": -0.00013612983649546884
      },
      {
        "candidate": "recent_start_state",
        "l2": 10.0,
        "uncertain_n": 833,
        "uncertain_state_log_loss": 0.949075555389988,
        "uncertain_xmins_mae": 30.6830388571863,
        "uncertain_xmins_rmse": 34.85507465627401,
        "all_state_log_loss": 0.45350497990774535,
        "all_xmins_mae": 11.487412415700483,
        "all_xmins_rmse": 21.688947998536882,
        "delta_uncertain_mae": 0.1796319183546622,
        "delta_uncertain_rmse": 0.1294873354181192,
        "delta_all_mae": 0.09232614312559484,
        "delta_all_rmse": 0.0182458069571112,
        "delta_all_state_log_loss": -3.7641712544334016e-05
      },
      {
        "candidate": "recent_start_state",
        "l2": 2.0,
        "uncertain_n": 833,
        "uncertain_state_log_loss": 0.9492851294834069,
        "uncertain_xmins_mae": 30.693176002985993,
        "uncertain_xmins_rmse": 34.86358605431251,
        "all_state_log_loss": 0.4535448876456361,
        "all_xmins_mae": 11.490997660757415,
        "all_xmins_rmse": 21.691287741599126,
        "delta_uncertain_mae": 0.1897690641543548,
        "delta_uncertain_rmse": 0.1379987334566195,
        "delta_all_mae": 0.09591138818252709,
        "delta_all_rmse": 0.020585550019355026,
        "delta_all_state_log_loss": 2.266025346420175e-06
      },
      {
        "candidate": "recent_start_state",
        "l2": 0.5,
        "uncertain_n": 833,
        "uncertain_state_log_loss": 0.9493749638854506,
        "uncertain_xmins_mae": 30.696828523768975,
        "uncertain_xmins_rmse": 34.86666896078741,
        "all_state_log_loss": 0.4535637973721139,
        "all_xmins_mae": 11.491854416540503,
        "all_xmins_rmse": 21.692234347665508,
        "delta_uncertain_mae": 0.19342158493733663,
        "delta_uncertain_rmse": 0.1410816399315138,
        "delta_all_mae": 0.0967681439656154,
        "delta_all_rmse": 0.021532156085736887,
        "delta_all_state_log_loss": 2.1175751824198397e-05
      },
      {
        "candidate": "recent_start_minutes",
        "l2": 10.0,
        "uncertain_n": 833,
        "uncertain_state_log_loss": 0.948597072648662,
        "uncertain_xmins_mae": 30.58302058511274,
        "uncertain_xmins_rmse": 34.937276644491384,
        "all_state_log_loss": 0.45218326482279897,
        "all_xmins_mae": 11.459004347753293,
        "all_xmins_rmse": 21.675799132539275,
        "delta_uncertain_mae": 0.07961364628110346,
        "delta_uncertain_rmse": 0.21168932363548976,
        "delta_all_mae": 0.06391807517840498,
        "delta_all_rmse": 0.0050969409595040815,
        "delta_all_state_log_loss": -0.0013593567974907184
      },
      {
        "candidate": "recent_start_minutes",
        "l2": 2.0,
        "uncertain_n": 833,
        "uncertain_state_log_loss": 0.9516231114172109,
        "uncertain_xmins_mae": 30.655078285116982,
        "uncertain_xmins_rmse": 35.04223505397736,
        "all_state_log_loss": 0.4526854214091739,
        "all_xmins_mae": 11.486458945446268,
        "all_xmins_rmse": 21.70477978567835,
        "delta_uncertain_mae": 0.15167134628534384,
        "delta_uncertain_rmse": 0.31664773312146366,
        "delta_all_mae": 0.09137267287137973,
        "delta_all_rmse": 0.03407759409858002,
        "delta_all_state_log_loss": -0.0008572002111157939
      },
      {
        "candidate": "recent_start_minutes",
        "l2": 0.5,
        "uncertain_n": 833,
        "uncertain_state_log_loss": 0.952584927412592,
        "uncertain_xmins_mae": 30.668170452414763,
        "uncertain_xmins_rmse": 35.078907064495,
        "all_state_log_loss": 0.4528892751467217,
        "all_xmins_mae": 11.496559713993356,
        "all_xmins_rmse": 21.716202286300764,
        "delta_uncertain_mae": 0.16476351358312513,
        "delta_uncertain_rmse": 0.3533197436391049,
        "delta_all_mae": 0.10147344141846837,
        "delta_all_rmse": 0.04550009472099248,
        "delta_all_state_log_loss": -0.0006533464735679617
      }
    ]
  },
  "reused_diagnostic": {
    "unified_all": {
      "n": 13987,
      "state_log_loss": 0.4356944257045665,
      "state_brier": 0.2317809725255207,
      "sub_brier_given_nonstart": 0.07882755490139977,
      "xmins_mae": 11.487502348479174,
      "xmins_rmse": 21.43760181416725,
      "xmins_bias": -0.21605115513908382,
      "mean_q_sub_given_nonstart": 0.12215428094407826,
      "actual_q_sub_given_nonstart": 0.1343807943788426
    },
    "final_all": {
      "n": 13987,
      "state_log_loss": 0.4356944257045665,
      "state_brier": 0.2317809725255207,
      "sub_brier_given_nonstart": 0.07882755490139977,
      "xmins_mae": 11.487502348479174,
      "xmins_rmse": 21.43760181416725,
      "xmins_bias": -0.21605115513908382,
      "mean_q_sub_given_nonstart": 0.12215428094407826,
      "actual_q_sub_given_nonstart": 0.1343807943788426
    },
    "unified_uncertain": {
      "n": 2644,
      "state_log_loss": 0.9709352843533048,
      "state_brier": 0.5637205032189682,
      "sub_brier_given_nonstart": 0.23447704636214053,
      "xmins_mae": 29.91282296142854,
      "xmins_rmse": 34.68374478173533,
      "xmins_bias": -1.465459669555293,
      "mean_q_sub_given_nonstart": 0.5313302220342525,
      "actual_q_sub_given_nonstart": 0.528957528957529
    },
    "final_uncertain": {
      "n": 2644,
      "state_log_loss": 0.9709352843533048,
      "state_brier": 0.5637205032189682,
      "sub_brier_given_nonstart": 0.23447704636214053,
      "xmins_mae": 29.91282296142854,
      "xmins_rmse": 34.68374478173533,
      "xmins_bias": -1.465459669555293,
      "mean_q_sub_given_nonstart": 0.5313302220342525,
      "actual_q_sub_given_nonstart": 0.528957528957529
    },
    "delta_all": {
      "state_log_loss": 0.0,
      "state_brier": 0.0,
      "xmins_mae": 0.0,
      "xmins_rmse": 0.0,
      "xmins_bias": 0.0
    },
    "delta_uncertain": {
      "state_log_loss": 0.0,
      "state_brier": 0.0,
      "xmins_mae": 0.0,
      "xmins_rmse": 0.0,
      "xmins_bias": 0.0
    }
  },
  "worst_uncertain_gameweeks": [
    {
      "gw": 30,
      "n": 166,
      "xmins_mae": 33.72444718139488,
      "xmins_rmse": 38.424242799703194,
      "state_log_loss": 1.004845063566269,
      "large_miss_30plus": 92,
      "large_miss_45plus": 49
    },
    {
      "gw": 22,
      "n": 162,
      "xmins_mae": 31.93339271178417,
      "xmins_rmse": 36.73569606374159,
      "state_log_loss": 1.022203063636841,
      "large_miss_30plus": 72,
      "large_miss_45plus": 37
    },
    {
      "gw": 31,
      "n": 121,
      "xmins_mae": 31.784594939242083,
      "xmins_rmse": 36.54036565746757,
      "state_log_loss": 0.9969107743835707,
      "large_miss_30plus": 57,
      "large_miss_45plus": 27
    },
    {
      "gw": 36,
      "n": 168,
      "xmins_mae": 31.442489442420126,
      "xmins_rmse": 36.30400214436065,
      "state_log_loss": 0.9635893423533568,
      "large_miss_30plus": 76,
      "large_miss_45plus": 39
    },
    {
      "gw": 32,
      "n": 221,
      "xmins_mae": 31.27802854345162,
      "xmins_rmse": 36.00928756858458,
      "state_log_loss": 0.9630490298712587,
      "large_miss_30plus": 99,
      "large_miss_45plus": 50
    },
    {
      "gw": 38,
      "n": 160,
      "xmins_mae": 30.283310162466147,
      "xmins_rmse": 35.345522185225526,
      "state_log_loss": 0.986236060552889,
      "large_miss_30plus": 72,
      "large_miss_45plus": 34
    },
    {
      "gw": 37,
      "n": 148,
      "xmins_mae": 30.266222488368342,
      "xmins_rmse": 34.88262672707041,
      "state_log_loss": 0.9871611086486377,
      "large_miss_30plus": 73,
      "large_miss_45plus": 30
    },
    {
      "gw": 29,
      "n": 137,
      "xmins_mae": 30.227217708912463,
      "xmins_rmse": 34.93812547638349,
      "state_log_loss": 1.0246920719281962,
      "large_miss_30plus": 60,
      "large_miss_45plus": 27
    }
  ],
  "promotion_rule": "Only a development-selected candidate satisfying uncertain and overall guardrails is carried to reused diagnostic.",
  "mm_lock_recommendation": "lock corrected candidate only if reused diagnostic also improves both uncertain and overall RMSE/MAE; otherwise keep final verified MM base"
}
