{
  "classification": "MM v2 bounded relative-rating role competition experiment",
  "selection_reference": "XI-only development result, not locked MM",
  "xi_only_development_best": {
    "l2": 0.5,
    "n": 4670.0,
    "state_log_loss": 0.453531657089486,
    "state_brier": 0.2350569295834249,
    "sub_brier_given_nonstart": 0.0815917217045971,
    "xmins_mae": 11.367760065970993,
    "xmins_rmse": 21.672933779924136,
    "xmins_bias": -0.014555916436826969,
    "mean_q_sub_given_nonstart": 0.13445281025884873,
    "actual_q_sub_given_nonstart": 0.1382089552238806
  },
  "development_grid": [
    {
      "variant": "relative_self_trend",
      "gamma": 0.02,
      "rel_w": 0.65,
      "self_w": 0.25,
      "trend_w": 0.1,
      "l2": 0.5,
      "n": 4670.0,
      "state_log_loss": 0.45348966136473645,
      "state_brier": 0.2350288674027057,
      "sub_brier_given_nonstart": 0.0815917217045971,
      "xmins_mae": 11.364653457016852,
      "xmins_rmse": 21.67136794445455,
      "xmins_bias": -0.014616696635247698,
      "mean_q_sub_given_nonstart": 0.13445281025884873,
      "actual_q_sub_given_nonstart": 0.1382089552238806,
      "delta_vs_xi_state_log_loss": -4.199572474955504e-05,
      "delta_vs_xi_state_brier": -2.806218071918498e-05,
      "delta_vs_xi_xmins_mae": -0.0031066089541411657,
      "delta_vs_xi_xmins_rmse": -0.001565835469587995
    },
    {
      "variant": "relative_self_trend",
      "gamma": 0.02,
      "rel_w": 0.65,
      "self_w": 0.25,
      "trend_w": 0.1,
      "l2": 2.0,
      "n": 4670.0,
      "state_log_loss": 0.4534971649493483,
      "state_brier": 0.23503955294099105,
      "sub_brier_given_nonstart": 0.0815917217045971,
      "xmins_mae": 11.369913717787991,
      "xmins_rmse": 21.67185507165508,
      "xmins_bias": -0.015185156222743376,
      "mean_q_sub_given_nonstart": 0.13445281025884873,
      "actual_q_sub_given_nonstart": 0.1382089552238806,
      "delta_vs_xi_state_log_loss": -3.449214013773183e-05,
      "delta_vs_xi_state_brier": -1.7376642433841738e-05,
      "delta_vs_xi_xmins_mae": 0.0021536518169984475,
      "delta_vs_xi_xmins_rmse": -0.0010787082690555394
    },
    {
      "variant": "relative_plus_self",
      "gamma": 0.02,
      "rel_w": 0.75,
      "self_w": 0.25,
      "trend_w": 0.0,
      "l2": 0.5,
      "n": 4670.0,
      "state_log_loss": 0.45351820661318254,
      "state_brier": 0.23503145904445097,
      "sub_brier_given_nonstart": 0.0815917217045971,
      "xmins_mae": 11.360133900983394,
      "xmins_rmse": 21.671676745537063,
      "xmins_bias": -0.014211768307321482,
      "mean_q_sub_given_nonstart": 0.13445281025884873,
      "actual_q_sub_given_nonstart": 0.1382089552238806,
      "delta_vs_xi_state_log_loss": -1.3450476303467074e-05,
      "delta_vs_xi_state_brier": -2.547053897392071e-05,
      "delta_vs_xi_xmins_mae": -0.007626164987598827,
      "delta_vs_xi_xmins_rmse": -0.0012570343870734746
    },
    {
      "variant": "relative_only",
      "gamma": 0.02,
      "rel_w": 1.0,
      "self_w": 0.0,
      "trend_w": 0.0,
      "l2": 0.5,
      "n": 4670.0,
      "state_log_loss": 0.45351991854151863,
      "state_brier": 0.2350314497605749,
      "sub_brier_given_nonstart": 0.0815917217045971,
      "xmins_mae": 11.359725083141553,
      "xmins_rmse": 21.671692253090907,
      "xmins_bias": -0.014160627689968017,
      "mean_q_sub_given_nonstart": 0.13445281025884873,
      "actual_q_sub_given_nonstart": 0.1382089552238806,
      "delta_vs_xi_state_log_loss": -1.1738547967377055e-05,
      "delta_vs_xi_state_brier": -2.5479822849977518e-05,
      "delta_vs_xi_xmins_mae": -0.008034982829439485,
      "delta_vs_xi_xmins_rmse": -0.0012415268332297558
    },
    {
      "variant": "relative_plus_self",
      "gamma": 0.02,
      "rel_w": 0.75,
      "self_w": 0.25,
      "trend_w": 0.0,
      "l2": 2.0,
      "n": 4670.0,
      "state_log_loss": 0.4535261331818071,
      "state_brier": 0.23504288220618708,
      "sub_brier_given_nonstart": 0.0815917217045971,
      "xmins_mae": 11.365552060308135,
      "xmins_rmse": 21.672210612317674,
      "xmins_bias": -0.014795933527658626,
      "mean_q_sub_given_nonstart": 0.13445281025884873,
      "actual_q_sub_given_nonstart": 0.1382089552238806,
      "delta_vs_xi_state_log_loss": -5.523907678883777e-06,
      "delta_vs_xi_state_brier": -1.4047377237813574e-05,
      "delta_vs_xi_xmins_mae": -0.00220800566285817,
      "delta_vs_xi_xmins_rmse": -0.0007231676064627379
    },
    {
      "variant": "relative_only",
      "gamma": 0.02,
      "rel_w": 1.0,
      "self_w": 0.0,
      "trend_w": 0.0,
      "l2": 2.0,
      "n": 4670.0,
      "state_log_loss": 0.4535273979848385,
      "state_brier": 0.23504263793294902,
      "sub_brier_given_nonstart": 0.0815917217045971,
      "xmins_mae": 11.365213830675069,
      "xmins_rmse": 21.6722144518394,
      "xmins_bias": -0.014760413177618243,
      "mean_q_sub_given_nonstart": 0.13445281025884873,
      "actual_q_sub_given_nonstart": 0.1382089552238806,
      "delta_vs_xi_state_log_loss": -4.2591046475193295e-06,
      "delta_vs_xi_state_brier": -1.4291650475867224e-05,
      "delta_vs_xi_xmins_mae": -0.0025462352959237933,
      "delta_vs_xi_xmins_rmse": -0.0007193280847346273
    },
    {
      "variant": "relative_self_trend",
      "gamma": 0.02,
      "rel_w": 0.65,
      "self_w": 0.25,
      "trend_w": 0.1,
      "l2": 10.0,
      "n": 4670.0,
      "state_log_loss": 0.4535367706261214,
      "state_brier": 0.23507370000779235,
      "sub_brier_given_nonstart": 0.0815917217045971,
      "xmins_mae": 11.383958643194172,
      "xmins_rmse": 21.67349201963286,
      "xmins_bias": -0.016825148402308265,
      "mean_q_sub_given_nonstart": 0.13445281025884873,
      "actual_q_sub_given_nonstart": 0.1382089552238806,
      "delta_vs_xi_state_log_loss": 5.113536635403815e-06,
      "delta_vs_xi_state_brier": 1.6770424367457126e-05,
      "delta_vs_xi_xmins_mae": 0.016198577223178745,
      "delta_vs_xi_xmins_rmse": 0.0005582397087238178
    },
    {
      "variant": "relative_self_trend",
      "gamma": 0.04,
      "rel_w": 0.65,
      "self_w": 0.25,
      "trend_w": 0.1,
      "l2": 0.5,
      "n": 4670.0,
      "state_log_loss": 0.4535494955208828,
      "state_brier": 0.2350460126028078,
      "sub_brier_given_nonstart": 0.0815917217045971,
      "xmins_mae": 11.355202768665924,
      "xmins_rmse": 21.672332539079616,
      "xmins_bias": -0.013827538083607076,
      "mean_q_sub_given_nonstart": 0.13445281025884873,
      "actual_q_sub_given_nonstart": 0.1382089552238806,
      "delta_vs_xi_state_log_loss": 1.7838431396799415e-05,
      "delta_vs_xi_state_brier": -1.0916980617087235e-05,
      "delta_vs_xi_xmins_mae": -0.012557297305068715,
      "delta_vs_xi_xmins_rmse": -0.000601240844520845
    },
    {
      "variant": "relative_self_trend",
      "gamma": 0.04,
      "rel_w": 0.65,
      "self_w": 0.25,
      "trend_w": 0.1,
      "l2": 2.0,
      "n": 4670.0,
      "state_log_loss": 0.45355667364343744,
      "state_brier": 0.2350581167895195,
      "sub_brier_given_nonstart": 0.0815917217045971,
      "xmins_mae": 11.360637516783802,
      "xmins_rmse": 21.6728203048903,
      "xmins_bias": -0.01442100258900723,
      "mean_q_sub_given_nonstart": 0.13445281025884873,
      "actual_q_sub_given_nonstart": 0.1382089552238806,
      "delta_vs_xi_state_log_loss": 2.50165539514291e-05,
      "delta_vs_xi_state_brier": 1.1872060945994356e-06,
      "delta_vs_xi_xmins_mae": -0.007122549187190685,
      "delta_vs_xi_xmins_rmse": -0.00011347503383518642
    },
    {
      "variant": "relative_plus_self",
      "gamma": 0.04,
      "rel_w": 0.75,
      "self_w": 0.25,
      "trend_w": 0.0,
      "l2": 0.5,
      "n": 4670.0,
      "state_log_loss": 0.45355872863461116,
      "state_brier": 0.23505081466046182,
      "sub_brier_given_nonstart": 0.0815917217045971,
      "xmins_mae": 11.353718335828402,
      "xmins_rmse": 21.672770151144142,
      "xmins_bias": -0.013708949652767278,
      "mean_q_sub_given_nonstart": 0.13445281025884873,
      "actual_q_sub_given_nonstart": 0.1382089552238806,
      "delta_vs_xi_state_log_loss": 2.707154512515686e-05,
      "delta_vs_xi_state_brier": -6.114922963068592e-06,
      "delta_vs_xi_xmins_mae": -0.01404173014259058,
      "delta_vs_xi_xmins_rmse": -0.00016362877999398506
    },
    {
      "variant": "relative_plus_self",
      "gamma": 0.04,
      "rel_w": 0.75,
      "self_w": 0.25,
      "trend_w": 0.0,
      "l2": 2.0,
      "n": 4670.0,
      "state_log_loss": 0.453563720623719,
      "state_brier": 0.23506199176360607,
      "sub_brier_given_nonstart": 0.0815917217045971,
      "xmins_mae": 11.359475976183234,
      "xmins_rmse": 21.67316956395888,
      "xmins_bias": -0.014345079191497466,
      "mean_q_sub_given_nonstart": 0.13445281025884873,
      "actual_q_sub_given_nonstart": 0.1382089552238806,
      "delta_vs_xi_state_log_loss": 3.2063534233017776e-05,
      "delta_vs_xi_state_brier": 5.062180181175657e-06,
      "delta_vs_xi_xmins_mae": -0.008284089787759186,
      "delta_vs_xi_xmins_rmse": 0.0002357840347428919
    },
    {
      "variant": "relative_plus_self",
      "gamma": 0.02,
      "rel_w": 0.75,
      "self_w": 0.25,
      "trend_w": 0.0,
      "l2": 10.0,
      "n": 4670.0,
      "state_log_loss": 0.4535652304513699,
      "state_brier": 0.23507852533013956,
      "sub_brier_given_nonstart": 0.0815917217045971,
      "xmins_mae": 11.380421777715794,
      "xmins_rmse": 21.673926999052515,
      "xmins_bias": -0.01652355991112844,
      "mean_q_sub_given_nonstart": 0.13445281025884873,
      "actual_q_sub_given_nonstart": 0.1382089552238806,
      "delta_vs_xi_state_log_loss": 3.357336188392068e-05,
      "delta_vs_xi_state_brier": 2.1595746714675457e-05,
      "delta_vs_xi_xmins_mae": 0.012661711744801352,
      "delta_vs_xi_xmins_rmse": 0.0009932191283787972
    },
    {
      "variant": "relative_only",
      "gamma": 0.02,
      "rel_w": 1.0,
      "self_w": 0.0,
      "trend_w": 0.0,
      "l2": 10.0,
      "n": 4670.0,
      "state_log_loss": 0.4535665560620062,
      "state_brier": 0.23507859129161163,
      "sub_brier_given_nonstart": 0.0815917217045971,
      "xmins_mae": 11.380207228061643,
      "xmins_rmse": 21.673953731349048,
      "xmins_bias": -0.016499229930306076,
      "mean_q_sub_given_nonstart": 0.13445281025884873,
      "actual_q_sub_given_nonstart": 0.1382089552238806,
      "delta_vs_xi_state_log_loss": 3.4898972520180926e-05,
      "delta_vs_xi_state_brier": 2.1661708186737627e-05,
      "delta_vs_xi_xmins_mae": 0.01244716209065011,
      "delta_vs_xi_xmins_rmse": 0.0010199514249116248
    },
    {
      "variant": "relative_self_trend",
      "gamma": 0.04,
      "rel_w": 0.65,
      "self_w": 0.25,
      "trend_w": 0.1,
      "l2": 10.0,
      "n": 4670.0,
      "state_log_loss": 0.45358941569460426,
      "state_brier": 0.23509360042720143,
      "sub_brier_given_nonstart": 0.0815917217045971,
      "xmins_mae": 11.375927911110272,
      "xmins_rmse": 21.67428157866134,
      "xmins_bias": -0.01621732924948389,
      "mean_q_sub_given_nonstart": 0.13445281025884873,
      "actual_q_sub_given_nonstart": 0.1382089552238806,
      "delta_vs_xi_state_log_loss": 5.775860511825215e-05,
      "delta_vs_xi_state_brier": 3.667084377653729e-05,
      "delta_vs_xi_xmins_mae": 0.008167845139279706,
      "delta_vs_xi_xmins_rmse": 0.001347798737203476
    },
    {
      "variant": "relative_self_trend",
      "gamma": 0.02,
      "rel_w": 0.65,
      "self_w": 0.25,
      "trend_w": 0.1,
      "l2": 40.0,
      "n": 4670.0,
      "state_log_loss": 0.45359599313841165,
      "state_brier": 0.23510245711397226,
      "sub_brier_given_nonstart": 0.0815917217045971,
      "xmins_mae": 11.39635414857656,
      "xmins_rmse": 21.675074270247524,
      "xmins_bias": -0.018964625188312555,
      "mean_q_sub_given_nonstart": 0.13445281025884873,
      "actual_q_sub_given_nonstart": 0.1382089552238806,
      "delta_vs_xi_state_log_loss": 6.433604892563949e-05,
      "delta_vs_xi_state_brier": 4.552753054737346e-05,
      "delta_vs_xi_xmins_mae": 0.02859408260556684,
      "delta_vs_xi_xmins_rmse": 0.0021404903233879224
    },
    {
      "variant": "relative_plus_self",
      "gamma": 0.04,
      "rel_w": 0.75,
      "self_w": 0.25,
      "trend_w": 0.0,
      "l2": 10.0,
      "n": 4670.0,
      "state_log_loss": 0.453598369103471,
      "state_brier": 0.23509830152792194,
      "sub_brier_given_nonstart": 0.0815917217045971,
      "xmins_mae": 11.374729668027499,
      "xmins_rmse": 21.674653663380692,
      "xmins_bias": -0.016111189979405863,
      "mean_q_sub_given_nonstart": 0.13445281025884873,
      "actual_q_sub_given_nonstart": 0.1382089552238806,
      "delta_vs_xi_state_log_loss": 6.671201398500415e-05,
      "delta_vs_xi_state_brier": 4.1371944497048396e-05,
      "delta_vs_xi_xmins_mae": 0.006969602056505764,
      "delta_vs_xi_xmins_rmse": 0.0017198834565554932
    },
    {
      "variant": "relative_plus_self",
      "gamma": 0.02,
      "rel_w": 0.75,
      "self_w": 0.25,
      "trend_w": 0.0,
      "l2": 40.0,
      "n": 4670.0,
      "state_log_loss": 0.45362815881818963,
      "state_brier": 0.23511149933366274,
      "sub_brier_given_nonstart": 0.0815917217045971,
      "xmins_mae": 11.393462163148667,
      "xmins_rmse": 21.675748084758037,
      "xmins_bias": -0.018682508928732064,
      "mean_q_sub_given_nonstart": 0.13445281025884873,
      "actual_q_sub_given_nonstart": 0.1382089552238806,
      "delta_vs_xi_state_log_loss": 9.650172870362406e-05,
      "delta_vs_xi_state_brier": 5.456975023784838e-05,
      "delta_vs_xi_xmins_mae": 0.025702097177674688,
      "delta_vs_xi_xmins_rmse": 0.0028143048339011045
    },
    {
      "variant": "relative_only",
      "gamma": 0.02,
      "rel_w": 1.0,
      "self_w": 0.0,
      "trend_w": 0.0,
      "l2": 40.0,
      "n": 4670.0,
      "state_log_loss": 0.4536294099593147,
      "state_brier": 0.235111869140187,
      "sub_brier_given_nonstart": 0.0815917217045971,
      "xmins_mae": 11.393355366403176,
      "xmins_rmse": 21.675789985438666,
      "xmins_bias": -0.01867009029098286,
      "mean_q_sub_given_nonstart": 0.13445281025884873,
      "actual_q_sub_given_nonstart": 0.1382089552238806,
      "delta_vs_xi_state_log_loss": 9.775286982871556e-05,
      "delta_vs_xi_state_brier": 5.4939556762112485e-05,
      "delta_vs_xi_xmins_mae": 0.025595300432183166,
      "delta_vs_xi_xmins_rmse": 0.002856205514529364
    },
    {
      "variant": "relative_only",
      "gamma": 0.04,
      "rel_w": 1.0,
      "self_w": 0.0,
      "trend_w": 0.0,
      "l2": 0.5,
      "n": 4670.0,
      "state_log_loss": 0.4536382728665116,
      "state_brier": 0.23508658012194744,
      "sub_brier_given_nonstart": 0.0815917217045971,
      "xmins_mae": 11.349316484928357,
      "xmins_rmse": 21.673686363994527,
      "xmins_bias": -0.01310994899032782,
      "mean_q_sub_given_nonstart": 0.13445281025884873,
      "actual_q_sub_given_nonstart": 0.1382089552238806,
      "delta_vs_xi_state_log_loss": 0.00010661577702558711,
      "delta_vs_xi_state_brier": 2.965053852255206e-05,
      "delta_vs_xi_xmins_mae": -0.01844358104263577,
      "delta_vs_xi_xmins_rmse": 0.0007525840703905828
    },
    {
      "variant": "relative_only",
      "gamma": 0.04,
      "rel_w": 1.0,
      "self_w": 0.0,
      "trend_w": 0.0,
      "l2": 2.0,
      "n": 4670.0,
      "state_log_loss": 0.4536421823138445,
      "state_brier": 0.2350980118679416,
      "sub_brier_given_nonstart": 0.0815917217045971,
      "xmins_mae": 11.355294639246425,
      "xmins_rmse": 21.674094169778648,
      "xmins_bias": -0.013799726889764974,
      "mean_q_sub_given_nonstart": 0.13445281025884873,
      "actual_q_sub_given_nonstart": 0.1382089552238806,
      "delta_vs_xi_state_log_loss": 0.0001105252243585042,
      "delta_vs_xi_state_brier": 4.1082284516713585e-05,
      "delta_vs_xi_xmins_mae": -0.012465426724567408,
      "delta_vs_xi_xmins_rmse": 0.001160389854511834
    },
    {
      "variant": "relative_self_trend",
      "gamma": 0.04,
      "rel_w": 0.65,
      "self_w": 0.25,
      "trend_w": 0.1,
      "l2": 40.0,
      "n": 4670.0,
      "state_log_loss": 0.4536444143394536,
      "state_brier": 0.23512364262406105,
      "sub_brier_given_nonstart": 0.0815917217045971,
      "xmins_mae": 11.389625008044124,
      "xmins_rmse": 21.675829972065706,
      "xmins_bias": -0.018504659525045278,
      "mean_q_sub_given_nonstart": 0.13445281025884873,
      "actual_q_sub_given_nonstart": 0.1382089552238806,
      "delta_vs_xi_state_log_loss": 0.00011275724996762104,
      "delta_vs_xi_state_brier": 6.671304063615713e-05,
      "delta_vs_xi_xmins_mae": 0.021864942073131388,
      "delta_vs_xi_xmins_rmse": 0.0028961921415699976
    },
    {
      "variant": "relative_plus_self",
      "gamma": 0.04,
      "rel_w": 0.75,
      "self_w": 0.25,
      "trend_w": 0.0,
      "l2": 40.0,
      "n": 4670.0,
      "state_log_loss": 0.4536570065063499,
      "state_brier": 0.23513057661561568,
      "sub_brier_given_nonstart": 0.0815917217045971,
      "xmins_mae": 11.388551163430312,
      "xmins_rmse": 21.676303846736136,
      "xmins_bias": -0.01834928131357733,
      "mean_q_sub_given_nonstart": 0.13445281025884873,
      "actual_q_sub_given_nonstart": 0.1382089552238806,
      "delta_vs_xi_state_log_loss": 0.00012534941686387358,
      "delta_vs_xi_state_brier": 7.364703219078783e-05,
      "delta_vs_xi_xmins_mae": 0.02079109745931973,
      "delta_vs_xi_xmins_rmse": 0.0033700668119998056
    },
    {
      "variant": "relative_only",
      "gamma": 0.04,
      "rel_w": 1.0,
      "self_w": 0.0,
      "trend_w": 0.0,
      "l2": 10.0,
      "n": 4670.0,
      "state_log_loss": 0.45366931111665715,
      "state_brier": 0.23513394623272701,
      "sub_brier_given_nonstart": 0.0815917217045971,
      "xmins_mae": 11.372011948633148,
      "xmins_rmse": 21.67551053501324,
      "xmins_bias": -0.015814376376032068,
      "mean_q_sub_given_nonstart": 0.13445281025884873,
      "actual_q_sub_given_nonstart": 0.1382089552238806,
      "delta_vs_xi_state_log_loss": 0.00013765402717114128,
      "delta_vs_xi_state_brier": 7.701664930212515e-05,
      "delta_vs_xi_xmins_mae": 0.004251882662154927,
      "delta_vs_xi_xmins_rmse": 0.002576755089105376
    },
    {
      "variant": "relative_self_trend",
      "gamma": 0.06,
      "rel_w": 0.65,
      "self_w": 0.25,
      "trend_w": 0.1,
      "l2": 0.5,
      "n": 4670.0,
      "state_log_loss": 0.4536743838683544,
      "state_brier": 0.23511356605559036,
      "sub_brier_given_nonstart": 0.0815917217045971,
      "xmins_mae": 11.349206760559762,
      "xmins_rmse": 21.675962396351384,
      "xmins_bias": -0.012886484115039013,
      "mean_q_sub_given_nonstart": 0.13445281025884873,
      "actual_q_sub_given_nonstart": 0.1382089552238806,
      "delta_vs_xi_state_log_loss": 0.00014272677886839613,
      "delta_vs_xi_state_brier": 5.6636472165472185e-05,
      "delta_vs_xi_xmins_mae": -0.018553305411231236,
      "delta_vs_xi_xmins_rmse": 0.003028616427247499
    },
    {
      "variant": "relative_self_trend",
      "gamma": 0.06,
      "rel_w": 0.65,
      "self_w": 0.25,
      "trend_w": 0.1,
      "l2": 2.0,
      "n": 4670.0,
      "state_log_loss": 0.4536757506057659,
      "state_brier": 0.23512385829975288,
      "sub_brier_given_nonstart": 0.0815917217045971,
      "xmins_mae": 11.35527108918833,
      "xmins_rmse": 21.676223358975523,
      "xmins_bias": -0.013618268466667832,
      "mean_q_sub_given_nonstart": 0.13445281025884873,
      "actual_q_sub_given_nonstart": 0.1382089552238806,
      "delta_vs_xi_state_log_loss": 0.0001440935162799195,
      "delta_vs_xi_state_brier": 6.69287163279908e-05,
      "delta_vs_xi_xmins_mae": -0.01248897678266303,
      "delta_vs_xi_xmins_rmse": 0.003289579051386937
    },
    {
      "variant": "relative_plus_self",
      "gamma": 0.06,
      "rel_w": 0.75,
      "self_w": 0.25,
      "trend_w": 0.0,
      "l2": 0.5,
      "n": 4670.0,
      "state_log_loss": 0.4536778738471725,
      "state_brier": 0.23511258100603796,
      "sub_brier_given_nonstart": 0.0815917217045971,
      "xmins_mae": 11.348238256846605,
      "xmins_rmse": 21.67599213811971,
      "xmins_bias": -0.012761435707657726,
      "mean_q_sub_given_nonstart": 0.13445281025884873,
      "actual_q_sub_given_nonstart": 0.1382089552238806,
      "delta_vs_xi_state_log_loss": 0.00014621675768650144,
      "delta_vs_xi_state_brier": 5.565142261307332e-05,
      "delta_vs_xi_xmins_mae": -0.019521809124388056,
      "delta_vs_xi_xmins_rmse": 0.0030583581955738737
    },
    {
      "variant": "relative_plus_self",
      "gamma": 0.06,
      "rel_w": 0.75,
      "self_w": 0.25,
      "trend_w": 0.0,
      "l2": 2.0,
      "n": 4670.0,
      "state_log_loss": 0.4536783022133547,
      "state_brier": 0.23512241949724794,
      "sub_brier_given_nonstart": 0.0815917217045971,
      "xmins_mae": 11.354413815174652,
      "xmins_rmse": 21.676238704164955,
      "xmins_bias": -0.013503686202659465,
      "mean_q_sub_given_nonstart": 0.13445281025884873,
      "actual_q_sub_given_nonstart": 0.1382089552238806,
      "delta_vs_xi_state_log_loss": 0.00014664512386869388,
      "delta_vs_xi_state_brier": 6.548991382304692e-05,
      "delta_vs_xi_xmins_mae": -0.013346250796340442,
      "delta_vs_xi_xmins_rmse": 0.0033049242408189627
    },
    {
      "variant": "relative_only",
      "gamma": 0.06,
      "rel_w": 1.0,
      "self_w": 0.0,
      "trend_w": 0.0,
      "l2": 0.5,
      "n": 4670.0,
      "state_log_loss": 0.453692253379686,
      "state_brier": 0.2351172307653046,
      "sub_brier_given_nonstart": 0.0815917217045971,
      "xmins_mae": 11.34411560961376,
      "xmins_rmse": 21.675470069123755,
      "xmins_bias": -0.01227136118944154,
      "mean_q_sub_given_nonstart": 0.13445281025884873,
      "actual_q_sub_given_nonstart": 0.1382089552238806,
      "delta_vs_xi_state_log_loss": 0.000160596290199988,
      "delta_vs_xi_state_brier": 6.0301181879718335e-05,
      "delta_vs_xi_xmins_mae": -0.023644456357232002,
      "delta_vs_xi_xmins_rmse": 0.0025362891996181247
    },
    {
      "variant": "relative_only",
      "gamma": 0.06,
      "rel_w": 1.0,
      "self_w": 0.0,
      "trend_w": 0.0,
      "l2": 2.0,
      "n": 4670.0,
      "state_log_loss": 0.4536937055462016,
      "state_brier": 0.23512890917218365,
      "sub_brier_given_nonstart": 0.0815917217045971,
      "xmins_mae": 11.35052580225204,
      "xmins_rmse": 21.675867193025773,
      "xmins_bias": -0.013064684144880505,
      "mean_q_sub_given_nonstart": 0.13445281025884873,
      "actual_q_sub_given_nonstart": 0.1382089552238806,
      "delta_vs_xi_state_log_loss": 0.00016204845671558,
      "delta_vs_xi_state_brier": 7.197958875876376e-05,
      "delta_vs_xi_xmins_mae": -0.017234263718952647,
      "delta_vs_xi_xmins_rmse": 0.0029334131016369724
    },
    {
      "variant": "relative_self_trend",
      "gamma": 0.06,
      "rel_w": 0.65,
      "self_w": 0.25,
      "trend_w": 0.1,
      "l2": 10.0,
      "n": 4670.0,
      "state_log_loss": 0.45369787613805473,
      "state_brier": 0.2351559447730464,
      "sub_brier_given_nonstart": 0.0815917217045971,
      "xmins_mae": 11.37198775290839,
      "xmins_rmse": 21.677159890963175,
      "xmins_bias": -0.015726408052027675,
      "mean_q_sub_given_nonstart": 0.13445281025884873,
      "actual_q_sub_given_nonstart": 0.1382089552238806,
      "delta_vs_xi_state_log_loss": 0.0001662190485687276,
      "delta_vs_xi_state_brier": 9.901518962152078e-05,
      "delta_vs_xi_xmins_mae": 0.004227686937397834,
      "delta_vs_xi_xmins_rmse": 0.0042261110390384715
    },
    {
      "variant": "relative_self_trend",
      "gamma": 0.1,
      "rel_w": 0.65,
      "self_w": 0.25,
      "trend_w": 0.1,
      "l2": 2.0,
      "n": 4670.0,
      "state_log_loss": 0.4536980253273017,
      "state_brier": 0.23513844490684446,
      "sub_brier_given_nonstart": 0.0815917217045971,
      "xmins_mae": 11.353412869102916,
      "xmins_rmse": 21.67677099751573,
      "xmins_bias": -0.012653077175607553,
      "mean_q_sub_given_nonstart": 0.13445281025884873,
      "actual_q_sub_given_nonstart": 0.1382089552238806,
      "delta_vs_xi_state_log_loss": 0.00016636823781568388,
      "delta_vs_xi_state_brier": 8.151532341957313e-05,
      "delta_vs_xi_xmins_mae": -0.014347196868076395,
      "delta_vs_xi_xmins_rmse": 0.0038372175915952766
    },
    {
      "variant": "relative_self_trend",
      "gamma": 0.1,
      "rel_w": 0.65,
      "self_w": 0.25,
      "trend_w": 0.1,
      "l2": 0.5,
      "n": 4670.0,
      "state_log_loss": 0.45369950911334544,
      "state_brier": 0.23512899963019093,
      "sub_brier_given_nonstart": 0.0815917217045971,
      "xmins_mae": 11.347099992862637,
      "xmins_rmse": 21.676516388738474,
      "xmins_bias": -0.011819842009176107,
      "mean_q_sub_given_nonstart": 0.13445281025884873,
      "actual_q_sub_given_nonstart": 0.1382089552238806,
      "delta_vs_xi_state_log_loss": 0.00016785202385943832,
      "delta_vs_xi_state_brier": 7.20700467660429e-05,
      "delta_vs_xi_xmins_mae": -0.02066007310835616,
      "delta_vs_xi_xmins_rmse": 0.0035826088143373624
    },
    {
      "variant": "relative_plus_self",
      "gamma": 0.06,
      "rel_w": 0.75,
      "self_w": 0.25,
      "trend_w": 0.0,
      "l2": 10.0,
      "n": 4670.0,
      "state_log_loss": 0.4537017514032513,
      "state_brier": 0.23515631274849516,
      "sub_brier_given_nonstart": 0.0815917217045971,
      "xmins_mae": 11.371396728151405,
      "xmins_rmse": 21.67727098171328,
      "xmins_bias": -0.015652829908467763,
      "mean_q_sub_given_nonstart": 0.13445281025884873,
      "actual_q_sub_given_nonstart": 0.1382089552238806,
      "delta_vs_xi_state_log_loss": 0.00017009431376530104,
      "delta_vs_xi_state_brier": 9.938316507027145e-05,
      "delta_vs_xi_xmins_mae": 0.0036366621804120314,
      "delta_vs_xi_xmins_rmse": 0.004337201789144984
    },
    {
      "variant": "relative_plus_self",
      "gamma": 0.1,
      "rel_w": 0.75,
      "self_w": 0.25,
      "trend_w": 0.0,
      "l2": 2.0,
      "n": 4670.0,
      "state_log_loss": 0.45370374971388117,
      "state_brier": 0.23513322633429898,
      "sub_brier_given_nonstart": 0.0815917217045971,
      "xmins_mae": 11.352249741066542,
      "xmins_rmse": 21.67663578212897,
      "xmins_bias": -0.012528719681633563,
      "mean_q_sub_given_nonstart": 0.13445281025884873,
      "actual_q_sub_given_nonstart": 0.1382089552238806,
      "delta_vs_xi_state_log_loss": 0.00017209262439515927,
      "delta_vs_xi_state_brier": 7.62967508740886e-05,
      "delta_vs_xi_xmins_mae": -0.015510324904450812,
      "delta_vs_xi_xmins_rmse": 0.003702002204832411
    },
    {
      "variant": "relative_plus_self",
      "gamma": 0.1,
      "rel_w": 0.75,
      "self_w": 0.25,
      "trend_w": 0.0,
      "l2": 0.5,
      "n": 4670.0,
      "state_log_loss": 0.45370464050245335,
      "state_brier": 0.23512272252446254,
      "sub_brier_given_nonstart": 0.0815917217045971,
      "xmins_mae": 11.345568518794858,
      "xmins_rmse": 21.676357997740883,
      "xmins_bias": -0.011641133341741874,
      "mean_q_sub_given_nonstart": 0.13445281025884873,
      "actual_q_sub_given_nonstart": 0.1382089552238806,
      "delta_vs_xi_state_log_loss": 0.00017298341296734243,
      "delta_vs_xi_state_brier": 6.579294103764566e-05,
      "delta_vs_xi_xmins_mae": -0.022191547176134918,
      "delta_vs_xi_xmins_rmse": 0.003424217816746733
    },
    {
      "variant": "relative_only",
      "gamma": 0.06,
      "rel_w": 1.0,
      "self_w": 0.0,
      "trend_w": 0.0,
      "l2": 10.0,
      "n": 4670.0,
      "state_log_loss": 0.4537106067343412,
      "state_brier": 0.23516218273776238,
      "sub_brier_given_nonstart": 0.0815917217045971,
      "xmins_mae": 11.368411321999819,
      "xmins_rmse": 21.676996685157146,
      "xmins_bias": -0.01539857247371585,
      "mean_q_sub_given_nonstart": 0.13445281025884873,
      "actual_q_sub_given_nonstart": 0.1382089552238806,
      "delta_vs_xi_state_log_loss": 0.0001789496448552086,
      "delta_vs_xi_state_brier": 0.00010525315433748683,
      "delta_vs_xi_xmins_mae": 0.0006512560288260971,
      "delta_vs_xi_xmins_rmse": 0.004062905233009673
    },
    {
      "variant": "relative_self_trend",
      "gamma": 0.1,
      "rel_w": 0.65,
      "self_w": 0.25,
      "trend_w": 0.1,
      "l2": 10.0,
      "n": 4670.0,
      "state_log_loss": 0.4537171126022644,
      "state_brier": 0.2351713759999569,
      "sub_brier_given_nonstart": 0.0815917217045971,
      "xmins_mae": 11.371105499422228,
      "xmins_rmse": 21.67789257305171,
      "xmins_bias": -0.015087232275884125,
      "mean_q_sub_given_nonstart": 0.13445281025884873,
      "actual_q_sub_given_nonstart": 0.1382089552238806,
      "delta_vs_xi_state_log_loss": 0.00018545551277837635,
      "delta_vs_xi_state_brier": 0.00011444641653202137,
      "delta_vs_xi_xmins_mae": 0.00334543345123528,
      "delta_vs_xi_xmins_rmse": 0.004958793127574523
    },
    {
      "variant": "relative_only",
      "gamma": 0.04,
      "rel_w": 1.0,
      "self_w": 0.0,
      "trend_w": 0.0,
      "l2": 40.0,
      "n": 4670.0,
      "state_log_loss": 0.45372314802883124,
      "state_brier": 0.23516592947631382,
      "sub_brier_given_nonstart": 0.0815917217045971,
      "xmins_mae": 11.38675136855376,
      "xmins_rmse": 21.677231395134008,
      "xmins_bias": -0.01822687627768272,
      "mean_q_sub_given_nonstart": 0.13445281025884873,
      "actual_q_sub_given_nonstart": 0.1382089552238806,
      "delta_vs_xi_state_log_loss": 0.0001914909393452291,
      "delta_vs_xi_state_brier": 0.00010899989288892797,
      "delta_vs_xi_xmins_mae": 0.01899130258276749,
      "delta_vs_xi_xmins_rmse": 0.004297615209871708
    },
    {
      "variant": "relative_plus_self",
      "gamma": 0.1,
      "rel_w": 0.75,
      "self_w": 0.25,
      "trend_w": 0.0,
      "l2": 10.0,
      "n": 4670.0,
      "state_log_loss": 0.4537236354600352,
      "state_brier": 0.23516900488031986,
      "sub_brier_given_nonstart": 0.0815917217045971,
      "xmins_mae": 11.37022544404522,
      "xmins_rmse": 21.677840428998667,
      "xmins_bias": -0.014976154631030289,
      "mean_q_sub_given_nonstart": 0.13445281025884873,
      "actual_q_sub_given_nonstart": 0.1382089552238806,
      "delta_vs_xi_state_log_loss": 0.00019197837054918399,
      "delta_vs_xi_state_brier": 0.00011207529689497009,
      "delta_vs_xi_xmins_mae": 0.002465378074226976,
      "delta_vs_xi_xmins_rmse": 0.004906649074531089
    },
    {
      "variant": "relative_self_trend",
      "gamma": 0.15,
      "rel_w": 0.65,
      "self_w": 0.25,
      "trend_w": 0.1,
      "l2": 0.5,
      "n": 4670.0,
      "state_log_loss": 0.45374397229589614,
      "state_brier": 0.23511936314250698,
      "sub_brier_given_nonstart": 0.0815917217045971,
      "xmins_mae": 11.340673626795894,
      "xmins_rmse": 21.677965505949754,
      "xmins_bias": -0.01058469353917141,
      "mean_q_sub_given_nonstart": 0.13445281025884873,
      "actual_q_sub_given_nonstart": 0.1382089552238806,
      "delta_vs_xi_state_log_loss": 0.0002123152064101297,
      "delta_vs_xi_state_brier": 6.243355908208681e-05,
      "delta_vs_xi_xmins_mae": -0.027086439175098675,
      "delta_vs_xi_xmins_rmse": 0.005031726025617189
    },
    {
      "variant": "relative_self_trend",
      "gamma": 0.06,
      "rel_w": 0.65,
      "self_w": 0.25,
      "trend_w": 0.1,
      "l2": 40.0,
      "n": 4670.0,
      "state_log_loss": 0.4537442586108229,
      "state_brier": 0.2351830839047823,
      "sub_brier_given_nonstart": 0.0815917217045971,
      "xmins_mae": 11.38688972637834,
      "xmins_rmse": 21.678239268175453,
      "xmins_bias": -0.018243879127851102,
      "mean_q_sub_given_nonstart": 0.13445281025884873,
      "actual_q_sub_given_nonstart": 0.1382089552238806,
      "delta_vs_xi_state_log_loss": 0.00021260152133689703,
      "delta_vs_xi_state_brier": 0.00012615432135740234,
      "delta_vs_xi_xmins_mae": 0.01912966040734787,
      "delta_vs_xi_xmins_rmse": 0.0053054882513166035
    },
    {
      "variant": "relative_self_trend",
      "gamma": 0.15,
      "rel_w": 0.65,
      "self_w": 0.25,
      "trend_w": 0.1,
      "l2": 2.0,
      "n": 4670.0,
      "state_log_loss": 0.4537445682368935,
      "state_brier": 0.23513159306809853,
      "sub_brier_given_nonstart": 0.0815917217045971,
      "xmins_mae": 11.347772350533996,
      "xmins_rmse": 21.67832789441725,
      "xmins_bias": -0.011563399116743448,
      "mean_q_sub_given_nonstart": 0.13445281025884873,
      "actual_q_sub_given_nonstart": 0.1382089552238806,
      "delta_vs_xi_state_log_loss": 0.00021291114740751294,
      "delta_vs_xi_state_brier": 7.466348467363715e-05,
      "delta_vs_xi_xmins_mae": -0.019987715436997178,
      "delta_vs_xi_xmins_rmse": 0.005394114493114444
    },
    {
      "variant": "relative_plus_self",
      "gamma": 0.06,
      "rel_w": 0.75,
      "self_w": 0.25,
      "trend_w": 0.0,
      "l2": 40.0,
      "n": 4670.0,
      "state_log_loss": 0.4537476299454011,
      "state_brier": 0.23518402677051584,
      "sub_brier_given_nonstart": 0.0815917217045971,
      "xmins_mae": 11.386580324674878,
      "xmins_rmse": 21.678364243766183,
      "xmins_bias": -0.01820230918455601,
      "mean_q_sub_given_nonstart": 0.13445281025884873,
      "actual_q_sub_given_nonstart": 0.1382089552238806,
      "delta_vs_xi_state_log_loss": 0.00021597285591506976,
      "delta_vs_xi_state_brier": 0.00012709718709094653,
      "delta_vs_xi_xmins_mae": 0.018820258703884818,
      "delta_vs_xi_xmins_rmse": 0.0054304638420461515
    },
    {
      "variant": "relative_only",
      "gamma": 0.06,
      "rel_w": 1.0,
      "self_w": 0.0,
      "trend_w": 0.0,
      "l2": 40.0,
      "n": 4670.0,
      "state_log_loss": 0.4537518045655985,
      "state_brier": 0.23518842768368592,
      "sub_brier_given_nonstart": 0.0815917217045971,
      "xmins_mae": 11.384251875098371,
      "xmins_rmse": 21.678154848976412,
      "xmins_bias": -0.018128489142843787,
      "mean_q_sub_given_nonstart": 0.13445281025884873,
      "actual_q_sub_given_nonstart": 0.1382089552238806,
      "delta_vs_xi_state_log_loss": 0.00022014747611248664,
      "delta_vs_xi_state_brier": 0.00013149810026102937,
      "delta_vs_xi_xmins_mae": 0.016491809127378687,
      "delta_vs_xi_xmins_rmse": 0.005221069052275595
    },
    {
      "variant": "relative_self_trend",
      "gamma": 0.1,
      "rel_w": 0.65,
      "self_w": 0.25,
      "trend_w": 0.1,
      "l2": 40.0,
      "n": 4670.0,
      "state_log_loss": 0.4537523649898175,
      "state_brier": 0.2351935399393193,
      "sub_brier_given_nonstart": 0.0815917217045971,
      "xmins_mae": 11.386883471980365,
      "xmins_rmse": 21.678818872629794,
      "xmins_bias": -0.017961680064157003,
      "mean_q_sub_given_nonstart": 0.13445281025884873,
      "actual_q_sub_given_nonstart": 0.1382089552238806,
      "delta_vs_xi_state_log_loss": 0.00022070790033151821,
      "delta_vs_xi_state_brier": 0.0001366103558944065,
      "delta_vs_xi_xmins_mae": 0.019123406009372346,
      "delta_vs_xi_xmins_rmse": 0.005885092705657513
    },
    {
      "variant": "relative_plus_self",
      "gamma": 0.15,
      "rel_w": 0.75,
      "self_w": 0.25,
      "trend_w": 0.0,
      "l2": 2.0,
      "n": 4670.0,
      "state_log_loss": 0.4537546886868084,
      "state_brier": 0.23513292463268168,
      "sub_brier_given_nonstart": 0.0815917217045971,
      "xmins_mae": 11.346072842716103,
      "xmins_rmse": 21.678634759071315,
      "xmins_bias": -0.011292810137869421,
      "mean_q_sub_given_nonstart": 0.13445281025884873,
      "actual_q_sub_given_nonstart": 0.1382089552238806,
      "delta_vs_xi_state_log_loss": 0.0002230315973223984,
      "delta_vs_xi_state_brier": 7.599504925678846e-05,
      "delta_vs_xi_xmins_mae": -0.021687223254890142,
      "delta_vs_xi_xmins_rmse": 0.0057009791471784865
    },
    {
      "variant": "relative_plus_self",
      "gamma": 0.15,
      "rel_w": 0.75,
      "self_w": 0.25,
      "trend_w": 0.0,
      "l2": 0.5,
      "n": 4670.0,
      "state_log_loss": 0.4537572131598026,
      "state_brier": 0.23512163467567765,
      "sub_brier_given_nonstart": 0.0815917217045971,
      "xmins_mae": 11.338684026282897,
      "xmins_rmse": 21.678358088313697,
      "xmins_bias": -0.010265250942820513,
      "mean_q_sub_given_nonstart": 0.13445281025884873,
      "actual_q_sub_given_nonstart": 0.1382089552238806,
      "delta_vs_xi_state_log_loss": 0.00022555607031660152,
      "delta_vs_xi_state_brier": 6.470509225275922e-05,
      "delta_vs_xi_xmins_mae": -0.029076039688096245,
      "delta_vs_xi_xmins_rmse": 0.00542430838956065
    },
    {
      "variant": "relative_plus_self",
      "gamma": 0.1,
      "rel_w": 0.75,
      "self_w": 0.25,
      "trend_w": 0.0,
      "l2": 40.0,
      "n": 4670.0,
      "state_log_loss": 0.4537639972085257,
      "state_brier": 0.23519735309104756,
      "sub_brier_given_nonstart": 0.0815917217045971,
      "xmins_mae": 11.386471196423365,
      "xmins_rmse": 21.67899331736001,
      "xmins_bias": -0.01787192344622516,
      "mean_q_sub_given_nonstart": 0.13445281025884873,
      "actual_q_sub_given_nonstart": 0.1382089552238806,
      "delta_vs_xi_state_log_loss": 0.00023234011903972007,
      "delta_vs_xi_state_brier": 0.00014042350762266675,
      "delta_vs_xi_xmins_mae": 0.01871113045237216,
      "delta_vs_xi_xmins_rmse": 0.006059537435874063
    },
    {
      "variant": "relative_only",
      "gamma": 0.1,
      "rel_w": 1.0,
      "self_w": 0.0,
      "trend_w": 0.0,
      "l2": 2.0,
      "n": 4670.0,
      "state_log_loss": 0.45377018142475184,
      "state_brier": 0.23513891935571155,
      "sub_brier_given_nonstart": 0.0815917217045971,
      "xmins_mae": 11.346450721425182,
      "xmins_rmse": 21.677676718112664,
      "xmins_bias": -0.011688802049058764,
      "mean_q_sub_given_nonstart": 0.13445281025884873,
      "actual_q_sub_given_nonstart": 0.1382089552238806,
      "delta_vs_xi_state_log_loss": 0.00023852433526583283,
      "delta_vs_xi_state_brier": 8.198977228665583e-05,
      "delta_vs_xi_xmins_mae": -0.021309344545811015,
      "delta_vs_xi_xmins_rmse": 0.004742938188528001
    },
    {
      "variant": "relative_self_trend",
      "gamma": 0.15,
      "rel_w": 0.65,
      "self_w": 0.25,
      "trend_w": 0.1,
      "l2": 10.0,
      "n": 4670.0,
      "state_log_loss": 0.4537744206463288,
      "state_brier": 0.2351760420054735,
      "sub_brier_given_nonstart": 0.0815917217045971,
      "xmins_mae": 11.367733048497318,
      "xmins_rmse": 21.67996715947732,
      "xmins_bias": -0.014346508220403075,
      "mean_q_sub_given_nonstart": 0.13445281025884873,
      "actual_q_sub_given_nonstart": 0.1382089552238806,
      "delta_vs_xi_state_log_loss": 0.0002427635568427733,
      "delta_vs_xi_state_brier": 0.00011911242204862282,
      "delta_vs_xi_xmins_mae": -2.701747367517271e-05,
      "delta_vs_xi_xmins_rmse": 0.007033379553185171
    },
    {
      "variant": "relative_only",
      "gamma": 0.15,
      "rel_w": 1.0,
      "self_w": 0.0,
      "trend_w": 0.0,
      "l2": 2.0,
      "n": 4670.0,
      "state_log_loss": 0.4537754541752273,
      "state_brier": 0.2351437449097487,
      "sub_brier_given_nonstart": 0.0815917217045971,
      "xmins_mae": 11.341744380431189,
      "xmins_rmse": 21.67998057846442,
      "xmins_bias": -0.01157365146895088,
      "mean_q_sub_given_nonstart": 0.13445281025884873,
      "actual_q_sub_given_nonstart": 0.1382089552238806,
      "delta_vs_xi_state_log_loss": 0.000243797085741293,
      "delta_vs_xi_state_brier": 8.681532632381916e-05,
      "delta_vs_xi_xmins_mae": -0.026015685539803712,
      "delta_vs_xi_xmins_rmse": 0.007046798540283561
    },
    {
      "variant": "relative_only",
      "gamma": 0.1,
      "rel_w": 1.0,
      "self_w": 0.0,
      "trend_w": 0.0,
      "l2": 0.5,
      "n": 4670.0,
      "state_log_loss": 0.45377753228747275,
      "state_brier": 0.23512979112657878,
      "sub_brier_given_nonstart": 0.0815917217045971,
      "xmins_mae": 11.33894492159878,
      "xmins_rmse": 21.67745466095224,
      "xmins_bias": -0.010673404969720019,
      "mean_q_sub_given_nonstart": 0.13445281025884873,
      "actual_q_sub_given_nonstart": 0.1382089552238806,
      "delta_vs_xi_state_log_loss": 0.0002458751979867446,
      "delta_vs_xi_state_brier": 7.286154315389037e-05,
      "delta_vs_xi_xmins_mae": -0.028815144372213553,
      "delta_vs_xi_xmins_rmse": 0.004520881028103219
    },
    {
      "variant": "relative_only",
      "gamma": 0.15,
      "rel_w": 1.0,
      "self_w": 0.0,
      "trend_w": 0.0,
      "l2": 0.5,
      "n": 4670.0,
      "state_log_loss": 0.4537801500526854,
      "state_brier": 0.23513325994718576,
      "sub_brier_given_nonstart": 0.0815917217045971,
      "xmins_mae": 11.334599298676224,
      "xmins_rmse": 21.679874708930218,
      "xmins_bias": -0.010626326838582719,
      "mean_q_sub_given_nonstart": 0.13445281025884873,
      "actual_q_sub_given_nonstart": 0.1382089552238806,
      "delta_vs_xi_state_log_loss": 0.0002484929631993982,
      "delta_vs_xi_state_brier": 7.63303637608681e-05,
      "delta_vs_xi_xmins_mae": -0.03316076729476869,
      "delta_vs_xi_xmins_rmse": 0.00694092900608112
    },
    {
      "variant": "relative_plus_self",
      "gamma": 0.15,
      "rel_w": 0.75,
      "self_w": 0.25,
      "trend_w": 0.0,
      "l2": 10.0,
      "n": 4670.0,
      "state_log_loss": 0.45378229197796927,
      "state_brier": 0.23517725808320963,
      "sub_brier_given_nonstart": 0.0815917217045971,
      "xmins_mae": 11.36654780611937,
      "xmins_rmse": 21.680238063891935,
      "xmins_bias": -0.014164295598243176,
      "mean_q_sub_given_nonstart": 0.13445281025884873,
      "actual_q_sub_given_nonstart": 0.1382089552238806,
      "delta_vs_xi_state_log_loss": 0.00025063488848325877,
      "delta_vs_xi_state_brier": 0.00012032849978474425,
      "delta_vs_xi_xmins_mae": -0.0012122598516235428,
      "delta_vs_xi_xmins_rmse": 0.007304283967798142
    },
    {
      "variant": "relative_only",
      "gamma": 0.1,
      "rel_w": 1.0,
      "self_w": 0.0,
      "trend_w": 0.0,
      "l2": 10.0,
      "n": 4670.0,
      "state_log_loss": 0.4537836811374992,
      "state_brier": 0.2351776727363502,
      "sub_brier_given_nonstart": 0.0815917217045971,
      "xmins_mae": 11.36638004274651,
      "xmins_rmse": 21.679068891109758,
      "xmins_bias": -0.014361528923971217,
      "mean_q_sub_given_nonstart": 0.13445281025884873,
      "actual_q_sub_given_nonstart": 0.1382089552238806,
      "delta_vs_xi_state_log_loss": 0.00025202404801316636,
      "delta_vs_xi_state_brier": 0.00012074315292531779,
      "delta_vs_xi_xmins_mae": -0.0013800232244829402,
      "delta_vs_xi_xmins_rmse": 0.006135111185621156
    },
    {
      "variant": "relative_only",
      "gamma": 0.15,
      "rel_w": 1.0,
      "self_w": 0.0,
      "trend_w": 0.0,
      "l2": 10.0,
      "n": 4670.0,
      "state_log_loss": 0.45380025564902327,
      "state_brier": 0.23518917853549873,
      "sub_brier_given_nonstart": 0.0815917217045971,
      "xmins_mae": 11.36192037016095,
      "xmins_rmse": 21.681231053398136,
      "xmins_bias": -0.014221830542788218,
      "mean_q_sub_given_nonstart": 0.13445281025884873,
      "actual_q_sub_given_nonstart": 0.1382089552238806,
      "delta_vs_xi_state_log_loss": 0.00026859855953725864,
      "delta_vs_xi_state_brier": 0.0001322489520738379,
      "delta_vs_xi_xmins_mae": -0.0058396958100424,
      "delta_vs_xi_xmins_rmse": 0.008297273473999667
    },
    {
      "variant": "relative_only",
      "gamma": 0.1,
      "rel_w": 1.0,
      "self_w": 0.0,
      "trend_w": 0.0,
      "l2": 40.0,
      "n": 4670.0,
      "state_log_loss": 0.45382144458476353,
      "state_brier": 0.23521200269989295,
      "sub_brier_given_nonstart": 0.0815917217045971,
      "xmins_mae": 11.384574395410766,
      "xmins_rmse": 21.68056281645422,
      "xmins_bias": -0.017428553618278535,
      "mean_q_sub_given_nonstart": 0.13445281025884873,
      "actual_q_sub_given_nonstart": 0.1382089552238806,
      "delta_vs_xi_state_log_loss": 0.000289787495277527,
      "delta_vs_xi_state_brier": 0.000155073116468063,
      "delta_vs_xi_xmins_mae": 0.016814329439773346,
      "delta_vs_xi_xmins_rmse": 0.007629036530083511
    },
    {
      "variant": "relative_self_trend",
      "gamma": 0.15,
      "rel_w": 0.65,
      "self_w": 0.25,
      "trend_w": 0.1,
      "l2": 40.0,
      "n": 4670.0,
      "state_log_loss": 0.4538245540727534,
      "state_brier": 0.2352145920465873,
      "sub_brier_given_nonstart": 0.0815917217045971,
      "xmins_mae": 11.386155598047765,
      "xmins_rmse": 21.68161694541925,
      "xmins_bias": -0.017479578754118687,
      "mean_q_sub_given_nonstart": 0.13445281025884873,
      "actual_q_sub_given_nonstart": 0.1382089552238806,
      "delta_vs_xi_state_log_loss": 0.0002928969832673989,
      "delta_vs_xi_state_brier": 0.00015766246316240018,
      "delta_vs_xi_xmins_mae": 0.018395532076771914,
      "delta_vs_xi_xmins_rmse": 0.008683165495114054
    },
    {
      "variant": "relative_plus_self",
      "gamma": 0.15,
      "rel_w": 0.75,
      "self_w": 0.25,
      "trend_w": 0.0,
      "l2": 40.0,
      "n": 4670.0,
      "state_log_loss": 0.45383377199285846,
      "state_brier": 0.2352174533674121,
      "sub_brier_given_nonstart": 0.0815917217045971,
      "xmins_mae": 11.385452057022903,
      "xmins_rmse": 21.68195430185202,
      "xmins_bias": -0.017362917610644443,
      "mean_q_sub_given_nonstart": 0.13445281025884873,
      "actual_q_sub_given_nonstart": 0.1382089552238806,
      "delta_vs_xi_state_log_loss": 0.0003021149033724524,
      "delta_vs_xi_state_brier": 0.00016052378398720424,
      "delta_vs_xi_xmins_mae": 0.017691991051909994,
      "delta_vs_xi_xmins_rmse": 0.009020521927883607
    },
    {
      "variant": "relative_only",
      "gamma": 0.15,
      "rel_w": 1.0,
      "self_w": 0.0,
      "trend_w": 0.0,
      "l2": 40.0,
      "n": 4670.0,
      "state_log_loss": 0.4538483673341067,
      "state_brier": 0.23523072343638834,
      "sub_brier_given_nonstart": 0.0815917217045971,
      "xmins_mae": 11.381142500860054,
      "xmins_rmse": 21.68245306338196,
      "xmins_bias": -0.01730108504464705,
      "mean_q_sub_given_nonstart": 0.13445281025884873,
      "actual_q_sub_given_nonstart": 0.1382089552238806,
      "delta_vs_xi_state_log_loss": 0.0003167102446207104,
      "delta_vs_xi_state_brier": 0.00017379385296345529,
      "delta_vs_xi_xmins_mae": 0.013382434889061656,
      "delta_vs_xi_xmins_rmse": 0.00951928345782349
    }
  ],
  "selected": {
    "variant": "relative_self_trend",
    "gamma": 0.02,
    "rel_w": 0.65,
    "self_w": 0.25,
    "trend_w": 0.1,
    "l2": 0.5,
    "n": 4670.0,
    "state_log_loss": 0.45348966136473645,
    "state_brier": 0.2350288674027057,
    "sub_brier_given_nonstart": 0.0815917217045971,
    "xmins_mae": 11.364653457016852,
    "xmins_rmse": 21.67136794445455,
    "xmins_bias": -0.014616696635247698,
    "mean_q_sub_given_nonstart": 0.13445281025884873,
    "actual_q_sub_given_nonstart": 0.1382089552238806,
    "delta_vs_xi_state_log_loss": -4.199572474955504e-05,
    "delta_vs_xi_state_brier": -2.806218071918498e-05,
    "delta_vs_xi_xmins_mae": -0.0031066089541411657,
    "delta_vs_xi_xmins_rmse": -0.001565835469587995
  },
  "rules": {
    "ratings_only_relative_within_role": true,
    "bounded_by_tanh": true,
    "missing_rating_is_neutral": true,
    "one_player_max_one_slot": true,
    "minutes_models_unchanged": true,
    "PM_TS_unchanged": true,
    "GW22_38_reused_diagnostic_only": true
  },
  "reused_diagnostic": {
    "base": {
      "n": 13987,
      "state_log_loss": 0.4356944257979422,
      "state_brier": 0.23178097255445243,
      "sub_brier_given_nonstart": 0.07882755495627314,
      "xmins_mae": 11.487502344509036,
      "xmins_rmse": 21.43760181501542,
      "xmins_bias": -0.21605114971701758,
      "mean_q_sub_given_nonstart": 0.1221542811777256,
      "actual_q_sub_given_nonstart": 0.1343807943788426
    },
    "relative_rating": {
      "n": 13987,
      "state_log_loss": 0.4355558849059419,
      "state_brier": 0.2317787772799668,
      "sub_brier_given_nonstart": 0.07882755495627314,
      "xmins_mae": 11.473696041588568,
      "xmins_rmse": 21.432899437603606,
      "xmins_bias": -0.2148800237499067,
      "mean_q_sub_given_nonstart": 0.1221542811777256,
      "actual_q_sub_given_nonstart": 0.1343807943788426
    },
    "delta": {
      "state_log_loss": -0.00013854089200032726,
      "state_brier": -2.195274485639054e-06,
      "xmins_mae": -0.013806302920468028,
      "xmins_rmse": -0.004702377411813785,
      "xmins_bias": 0.0011711259671108865
    }
  }
}
