/home/runner/work/fpl-analytics-app/fpl-analytics-app/scripts/run_mm_unified_official_roles.py:391: PerformanceWarning: DataFrame is highly fragmented.  This is usually the result of calling `frame.insert` many times, which has poor performance.  Consider joining all columns at once using pd.concat(axis=1) instead. To get a de-fragmented frame, use `newframe = frame.copy()`
  if c not in frame:frame[c]=X[c]
/home/runner/work/fpl-analytics-app/fpl-analytics-app/scripts/run_mm_unified_official_roles.py:391: PerformanceWarning: DataFrame is highly fragmented.  This is usually the result of calling `frame.insert` many times, which has poor performance.  Consider joining all columns at once using pd.concat(axis=1) instead. To get a de-fragmented frame, use `newframe = frame.copy()`
  if c not in frame:frame[c]=X[c]
/home/runner/work/fpl-analytics-app/fpl-analytics-app/scripts/run_mm_unified_official_roles.py:391: PerformanceWarning: DataFrame is highly fragmented.  This is usually the result of calling `frame.insert` many times, which has poor performance.  Consider joining all columns at once using pd.concat(axis=1) instead. To get a de-fragmented frame, use `newframe = frame.copy()`
  if c not in frame:frame[c]=X[c]
/home/runner/work/fpl-analytics-app/fpl-analytics-app/scripts/run_mm_unified_official_roles.py:391: PerformanceWarning: DataFrame is highly fragmented.  This is usually the result of calling `frame.insert` many times, which has poor performance.  Consider joining all columns at once using pd.concat(axis=1) instead. To get a de-fragmented frame, use `newframe = frame.copy()`
  if c not in frame:frame[c]=X[c]
/home/runner/work/fpl-analytics-app/fpl-analytics-app/scripts/run_mm_unified_official_roles.py:391: PerformanceWarning: DataFrame is highly fragmented.  This is usually the result of calling `frame.insert` many times, which has poor performance.  Consider joining all columns at once using pd.concat(axis=1) instead. To get a de-fragmented frame, use `newframe = frame.copy()`
  if c not in frame:frame[c]=X[c]
/home/runner/work/fpl-analytics-app/fpl-analytics-app/scripts/run_mm_unified_official_roles.py:391: PerformanceWarning: DataFrame is highly fragmented.  This is usually the result of calling `frame.insert` many times, which has poor performance.  Consider joining all columns at once using pd.concat(axis=1) instead. To get a de-fragmented frame, use `newframe = frame.copy()`
  if c not in frame:frame[c]=X[c]
/home/runner/work/fpl-analytics-app/fpl-analytics-app/scripts/run_mm_unified_official_roles.py:391: PerformanceWarning: DataFrame is highly fragmented.  This is usually the result of calling `frame.insert` many times, which has poor performance.  Consider joining all columns at once using pd.concat(axis=1) instead. To get a de-fragmented frame, use `newframe = frame.copy()`
  if c not in frame:frame[c]=X[c]
/home/runner/work/fpl-analytics-app/fpl-analytics-app/scripts/run_mm_unified_official_roles.py:391: PerformanceWarning: DataFrame is highly fragmented.  This is usually the result of calling `frame.insert` many times, which has poor performance.  Consider joining all columns at once using pd.concat(axis=1) instead. To get a de-fragmented frame, use `newframe = frame.copy()`
  if c not in frame:frame[c]=X[c]
/home/runner/work/fpl-analytics-app/fpl-analytics-app/scripts/run_mm_unified_official_roles.py:391: PerformanceWarning: DataFrame is highly fragmented.  This is usually the result of calling `frame.insert` many times, which has poor performance.  Consider joining all columns at once using pd.concat(axis=1) instead. To get a de-fragmented frame, use `newframe = frame.copy()`
  if c not in frame:frame[c]=X[c]
/home/runner/work/fpl-analytics-app/fpl-analytics-app/scripts/run_mm_unified_official_roles.py:391: PerformanceWarning: DataFrame is highly fragmented.  This is usually the result of calling `frame.insert` many times, which has poor performance.  Consider joining all columns at once using pd.concat(axis=1) instead. To get a de-fragmented frame, use `newframe = frame.copy()`
  if c not in frame:frame[c]=X[c]
/home/runner/work/fpl-analytics-app/fpl-analytics-app/scripts/run_mm_unified_official_roles.py:391: PerformanceWarning: DataFrame is highly fragmented.  This is usually the result of calling `frame.insert` many times, which has poor performance.  Consider joining all columns at once using pd.concat(axis=1) instead. To get a de-fragmented frame, use `newframe = frame.copy()`
  if c not in frame:frame[c]=X[c]
/home/runner/work/fpl-analytics-app/fpl-analytics-app/scripts/run_mm_unified_official_roles.py:391: PerformanceWarning: DataFrame is highly fragmented.  This is usually the result of calling `frame.insert` many times, which has poor performance.  Consider joining all columns at once using pd.concat(axis=1) instead. To get a de-fragmented frame, use `newframe = frame.copy()`
  if c not in frame:frame[c]=X[c]
/home/runner/work/fpl-analytics-app/fpl-analytics-app/scripts/run_mm_unified_official_roles.py:391: PerformanceWarning: DataFrame is highly fragmented.  This is usually the result of calling `frame.insert` many times, which has poor performance.  Consider joining all columns at once using pd.concat(axis=1) instead. To get a de-fragmented frame, use `newframe = frame.copy()`
  if c not in frame:frame[c]=X[c]
/home/runner/work/fpl-analytics-app/fpl-analytics-app/scripts/run_mm_unified_official_roles.py:391: PerformanceWarning: DataFrame is highly fragmented.  This is usually the result of calling `frame.insert` many times, which has poor performance.  Consider joining all columns at once using pd.concat(axis=1) instead. To get a de-fragmented frame, use `newframe = frame.copy()`
  if c not in frame:frame[c]=X[c]
/home/runner/work/fpl-analytics-app/fpl-analytics-app/scripts/run_mm_unified_official_roles.py:391: PerformanceWarning: DataFrame is highly fragmented.  This is usually the result of calling `frame.insert` many times, which has poor performance.  Consider joining all columns at once using pd.concat(axis=1) instead. To get a de-fragmented frame, use `newframe = frame.copy()`
  if c not in frame:frame[c]=X[c]
/home/runner/work/fpl-analytics-app/fpl-analytics-app/scripts/run_mm_unified_official_roles.py:391: PerformanceWarning: DataFrame is highly fragmented.  This is usually the result of calling `frame.insert` many times, which has poor performance.  Consider joining all columns at once using pd.concat(axis=1) instead. To get a de-fragmented frame, use `newframe = frame.copy()`
  if c not in frame:frame[c]=X[c]
/home/runner/work/fpl-analytics-app/fpl-analytics-app/scripts/run_mm_unified_official_roles.py:391: PerformanceWarning: DataFrame is highly fragmented.  This is usually the result of calling `frame.insert` many times, which has poor performance.  Consider joining all columns at once using pd.concat(axis=1) instead. To get a de-fragmented frame, use `newframe = frame.copy()`
  if c not in frame:frame[c]=X[c]
/home/runner/work/fpl-analytics-app/fpl-analytics-app/scripts/run_mm_unified_official_roles.py:391: PerformanceWarning: DataFrame is highly fragmented.  This is usually the result of calling `frame.insert` many times, which has poor performance.  Consider joining all columns at once using pd.concat(axis=1) instead. To get a de-fragmented frame, use `newframe = frame.copy()`
  if c not in frame:frame[c]=X[c]
/home/runner/work/fpl-analytics-app/fpl-analytics-app/scripts/run_mm_unified_official_roles.py:391: PerformanceWarning: DataFrame is highly fragmented.  This is usually the result of calling `frame.insert` many times, which has poor performance.  Consider joining all columns at once using pd.concat(axis=1) instead. To get a de-fragmented frame, use `newframe = frame.copy()`
  if c not in frame:frame[c]=X[c]
/home/runner/work/fpl-analytics-app/fpl-analytics-app/scripts/run_mm_unified_official_roles.py:391: PerformanceWarning: DataFrame is highly fragmented.  This is usually the result of calling `frame.insert` many times, which has poor performance.  Consider joining all columns at once using pd.concat(axis=1) instead. To get a de-fragmented frame, use `newframe = frame.copy()`
  if c not in frame:frame[c]=X[c]
/home/runner/work/fpl-analytics-app/fpl-analytics-app/scripts/run_mm_unified_official_roles.py:391: PerformanceWarning: DataFrame is highly fragmented.  This is usually the result of calling `frame.insert` many times, which has poor performance.  Consider joining all columns at once using pd.concat(axis=1) instead. To get a de-fragmented frame, use `newframe = frame.copy()`
  if c not in frame:frame[c]=X[c]
/home/runner/work/fpl-analytics-app/fpl-analytics-app/scripts/run_mm_unified_official_roles.py:391: PerformanceWarning: DataFrame is highly fragmented.  This is usually the result of calling `frame.insert` many times, which has poor performance.  Consider joining all columns at once using pd.concat(axis=1) instead. To get a de-fragmented frame, use `newframe = frame.copy()`
  if c not in frame:frame[c]=X[c]
/home/runner/work/fpl-analytics-app/fpl-analytics-app/scripts/run_mm_unified_official_roles.py:391: PerformanceWarning: DataFrame is highly fragmented.  This is usually the result of calling `frame.insert` many times, which has poor performance.  Consider joining all columns at once using pd.concat(axis=1) instead. To get a de-fragmented frame, use `newframe = frame.copy()`
  if c not in frame:frame[c]=X[c]
/home/runner/work/fpl-analytics-app/fpl-analytics-app/scripts/run_mm_unified_official_roles.py:391: PerformanceWarning: DataFrame is highly fragmented.  This is usually the result of calling `frame.insert` many times, which has poor performance.  Consider joining all columns at once using pd.concat(axis=1) instead. To get a de-fragmented frame, use `newframe = frame.copy()`
  if c not in frame:frame[c]=X[c]
/home/runner/work/fpl-analytics-app/fpl-analytics-app/scripts/run_mm_unified_official_roles.py:391: PerformanceWarning: DataFrame is highly fragmented.  This is usually the result of calling `frame.insert` many times, which has poor performance.  Consider joining all columns at once using pd.concat(axis=1) instead. To get a de-fragmented frame, use `newframe = frame.copy()`
  if c not in frame:frame[c]=X[c]
/home/runner/work/fpl-analytics-app/fpl-analytics-app/scripts/run_mm_unified_official_roles.py:391: PerformanceWarning: DataFrame is highly fragmented.  This is usually the result of calling `frame.insert` many times, which has poor performance.  Consider joining all columns at once using pd.concat(axis=1) instead. To get a de-fragmented frame, use `newframe = frame.copy()`
  if c not in frame:frame[c]=X[c]
{
  "classification": "targeted uncertain-starter development test; GW22-38 reused diagnostic",
  "selected": "recent_start_minutes",
  "selected_l2": 40.0,
  "development": {
    "unified_all": {
      "n": 4670,
      "state_log_loss": 0.4546692953561194,
      "state_brier": 0.2355875158709318,
      "sub_brier_given_nonstart": 0.08118212585122263,
      "xmins_mae": 11.558461501635811,
      "xmins_rmse": 21.748615443220235,
      "xmins_bias": -0.01345355407491986,
      "mean_q_sub_given_nonstart": 0.13439133719078594,
      "actual_q_sub_given_nonstart": 0.1382089552238806
    },
    "unified_uncertain": {
      "n": 881,
      "state_log_loss": 0.928872971683165,
      "state_brier": 0.5356824066768899,
      "sub_brier_given_nonstart": 0.2013246561869834,
      "xmins_mae": 30.071280183309263,
      "xmins_rmse": 34.25017810912285,
      "xmins_bias": -1.3185928964101072,
      "mean_q_sub_given_nonstart": 0.5003154870417651,
      "actual_q_sub_given_nonstart": 0.4751131221719457
    },
    "candidates": [
      {
        "candidate": "recent_start_minutes",
        "l2": 40.0,
        "uncertain_n": 881,
        "uncertain_state_log_loss": 0.9211275274758854,
        "uncertain_xmins_mae": 29.710176466326622,
        "uncertain_xmins_rmse": 34.01738368855562,
        "all_state_log_loss": 0.4518234500309863,
        "all_xmins_mae": 11.508713686960458,
        "all_xmins_rmse": 21.641387814185347,
        "delta_uncertain_mae": -0.3611037169826403,
        "delta_uncertain_rmse": -0.232794420567231,
        "delta_all_mae": -0.04974781467535294,
        "delta_all_rmse": -0.10722762903488814,
        "delta_all_state_log_loss": -0.0028458453251331006
      },
      {
        "candidate": "recent_start_state",
        "l2": 0.5,
        "uncertain_n": 881,
        "uncertain_state_log_loss": 0.9254027978540144,
        "uncertain_xmins_mae": 29.909156956802132,
        "uncertain_xmins_rmse": 34.12380775700662,
        "all_state_log_loss": 0.4534187214831326,
        "all_xmins_mae": 11.550530557115827,
        "all_xmins_rmse": 21.691988611177415,
        "delta_uncertain_mae": -0.16212322650713062,
        "delta_uncertain_rmse": -0.1263703521162327,
        "delta_all_mae": -0.007930944519983996,
        "delta_all_rmse": -0.05662683204282004,
        "delta_all_state_log_loss": -0.001250573872986771
      },
      {
        "candidate": "recent_start_minutes",
        "l2": 10.0,
        "uncertain_n": 881,
        "uncertain_state_log_loss": 0.9246779896643321,
        "uncertain_xmins_mae": 29.817656331290408,
        "uncertain_xmins_rmse": 34.12437232714841,
        "all_state_log_loss": 0.4522837706805359,
        "all_xmins_mae": 11.552018407659698,
        "all_xmins_rmse": 21.664971218941226,
        "delta_uncertain_mae": -0.25362385201885473,
        "delta_uncertain_rmse": -0.12580578197444225,
        "delta_all_mae": -0.00644309397611309,
        "delta_all_rmse": -0.0836442242790092,
        "delta_all_state_log_loss": -0.0023855246755835058
      },
      {
        "candidate": "recent_start_state",
        "l2": 2.0,
        "uncertain_n": 881,
        "uncertain_state_log_loss": 0.9254321662515499,
        "uncertain_xmins_mae": 29.91025084880823,
        "uncertain_xmins_rmse": 34.12472304408044,
        "all_state_log_loss": 0.45342665852099157,
        "all_xmins_mae": 11.550341298774674,
        "all_xmins_rmse": 21.692349838723402,
        "delta_uncertain_mae": -0.16102933450103407,
        "delta_uncertain_rmse": -0.12545506504240933,
        "delta_all_mae": -0.008120202861137571,
        "delta_all_rmse": -0.05626560449683282,
        "delta_all_state_log_loss": -0.0012426368351278194
      },
      {
        "candidate": "recent_start_state",
        "l2": 10.0,
        "uncertain_n": 881,
        "uncertain_state_log_loss": 0.9256648610872334,
        "uncertain_xmins_mae": 29.918988500688467,
        "uncertain_xmins_rmse": 34.13214758469077,
        "all_state_log_loss": 0.45348302041482896,
        "all_xmins_mae": 11.550234783963676,
        "all_xmins_rmse": 21.69499135804329,
        "delta_uncertain_mae": -0.1522916826207954,
        "delta_uncertain_rmse": -0.11803052443207918,
        "delta_all_mae": -0.008226717672135564,
        "delta_all_rmse": -0.05362408517694561,
        "delta_all_state_log_loss": -0.0011862749412904217
      },
      {
        "candidate": "recent_start_state",
        "l2": 40.0,
        "uncertain_n": 881,
        "uncertain_state_log_loss": 0.9260847605800667,
        "uncertain_xmins_mae": 29.935637845040127,
        "uncertain_xmins_rmse": 34.14606607521952,
        "all_state_log_loss": 0.45360539902013597,
        "all_xmins_mae": 11.547598720589553,
        "all_xmins_rmse": 21.700574492901428,
        "delta_uncertain_mae": -0.13564233826913608,
        "delta_uncertain_rmse": -0.10411203390332702,
        "delta_all_mae": -0.010862781046258263,
        "delta_all_rmse": -0.04804095031880706,
        "delta_all_state_log_loss": -0.0010638963359834164
      },
      {
        "candidate": "recent_start_minutes",
        "l2": 2.0,
        "uncertain_n": 881,
        "uncertain_state_log_loss": 0.9277648432149859,
        "uncertain_xmins_mae": 29.901522209674276,
        "uncertain_xmins_rmse": 34.22655754383287,
        "all_state_log_loss": 0.4528058450265318,
        "all_xmins_mae": 11.583074687704539,
        "all_xmins_rmse": 21.69224040761705,
        "delta_uncertain_mae": -0.16975797363498657,
        "delta_uncertain_rmse": -0.023620565289981243,
        "delta_all_mae": 0.02461318606872709,
        "delta_all_rmse": -0.05637503560318535,
        "delta_all_state_log_loss": -0.0018634503295875682
      },
      {
        "candidate": "recent_start_minutes",
        "l2": 0.5,
        "uncertain_n": 881,
        "uncertain_state_log_loss": 0.9289059361893662,
        "uncertain_xmins_mae": 29.926653114225708,
        "uncertain_xmins_rmse": 34.26854409193159,
        "all_state_log_loss": 0.4530507327063368,
        "all_xmins_mae": 11.594878076031772,
        "all_xmins_rmse": 21.70462907790238,
        "delta_uncertain_mae": -0.14462706908355472,
        "delta_uncertain_rmse": 0.01836598280873858,
        "delta_all_mae": 0.03641657439596102,
        "delta_all_rmse": -0.04398636531785627,
        "delta_all_state_log_loss": -0.0016185626497826067
      }
    ]
  },
  "reused_diagnostic": {
    "unified_all": {
      "n": 13987,
      "state_log_loss": 0.4355396348895754,
      "state_brier": 0.23164381009269497,
      "sub_brier_given_nonstart": 0.0790255822215365,
      "xmins_mae": 11.54992114478528,
      "xmins_rmse": 21.446395509277984,
      "xmins_bias": -0.16458866585111362,
      "mean_q_sub_given_nonstart": 0.12486286841205264,
      "actual_q_sub_given_nonstart": 0.1343807943788426
    },
    "final_all": {
      "n": 13987,
      "state_log_loss": 0.4369750197230284,
      "state_brier": 0.23231254615245317,
      "sub_brier_given_nonstart": 0.0790255822215365,
      "xmins_mae": 11.584349648875255,
      "xmins_rmse": 21.498239613152894,
      "xmins_bias": -0.1791629728611543,
      "mean_q_sub_given_nonstart": 0.12486286841205264,
      "actual_q_sub_given_nonstart": 0.1343807943788426
    },
    "unified_uncertain": {
      "n": 2723,
      "state_log_loss": 0.9628342021598876,
      "state_brier": 0.5577938227263256,
      "sub_brier_given_nonstart": 0.23444866592044933,
      "xmins_mae": 29.742855609107984,
      "xmins_rmse": 34.51911577004873,
      "xmins_bias": -1.4181177623458163,
      "mean_q_sub_given_nonstart": 0.5392561152110921,
      "actual_q_sub_given_nonstart": 0.529500756429652
    },
    "final_uncertain": {
      "n": 2723,
      "state_log_loss": 0.9638692928296653,
      "state_brier": 0.5585483101421131,
      "sub_brier_given_nonstart": 0.23444866592044933,
      "xmins_mae": 29.689426777231404,
      "xmins_rmse": 34.58122803303314,
      "xmins_bias": -1.0389567190854445,
      "mean_q_sub_given_nonstart": 0.5392561152110921,
      "actual_q_sub_given_nonstart": 0.529500756429652
    },
    "delta_all": {
      "state_log_loss": 0.0014353848334529573,
      "state_brier": 0.0006687360597582015,
      "xmins_mae": 0.03442850408997522,
      "xmins_rmse": 0.051844103874909564,
      "xmins_bias": -0.014574307010040671
    },
    "delta_uncertain": {
      "state_log_loss": 0.001035090669777694,
      "state_brier": 0.0007544874157875414,
      "xmins_mae": -0.05342883187658032,
      "xmins_rmse": 0.062112262984413746,
      "xmins_bias": 0.3791610432603718
    }
  },
  "worst_uncertain_gameweeks": [
    {
      "gw": 30,
      "n": 173,
      "xmins_mae": 33.57850594502907,
      "xmins_rmse": 38.27963301055989,
      "state_log_loss": 1.0216771954872927,
      "large_miss_30plus": 92,
      "large_miss_45plus": 47
    },
    {
      "gw": 36,
      "n": 165,
      "xmins_mae": 31.923438174052965,
      "xmins_rmse": 36.79677224678092,
      "state_log_loss": 0.9776912658107004,
      "large_miss_30plus": 79,
      "large_miss_45plus": 39
    },
    {
      "gw": 31,
      "n": 124,
      "xmins_mae": 31.734644575083266,
      "xmins_rmse": 36.42650309023721,
      "state_log_loss": 0.9924122626199136,
      "large_miss_30plus": 57,
      "large_miss_45plus": 27
    },
    {
      "gw": 32,
      "n": 226,
      "xmins_mae": 31.402486674039817,
      "xmins_rmse": 36.17230162018141,
      "state_log_loss": 0.9475359022805689,
      "large_miss_30plus": 105,
      "large_miss_45plus": 47
    },
    {
      "gw": 22,
      "n": 179,
      "xmins_mae": 31.177912485649397,
      "xmins_rmse": 36.35029359919362,
      "state_log_loss": 1.0112380520089896,
      "large_miss_30plus": 78,
      "large_miss_45plus": 43
    },
    {
      "gw": 37,
      "n": 149,
      "xmins_mae": 30.453593018855045,
      "xmins_rmse": 35.28753824478363,
      "state_log_loss": 0.9947544163283345,
      "large_miss_30plus": 70,
      "large_miss_45plus": 30
    },
    {
      "gw": 38,
      "n": 157,
      "xmins_mae": 29.985024412625762,
      "xmins_rmse": 35.19862540424128,
      "state_log_loss": 0.9796288022037195,
      "large_miss_30plus": 68,
      "large_miss_45plus": 33
    },
    {
      "gw": 33,
      "n": 186,
      "xmins_mae": 29.741124611814943,
      "xmins_rmse": 34.508990745791394,
      "state_log_loss": 1.0181530557478986,
      "large_miss_30plus": 79,
      "large_miss_45plus": 35
    }
  ],
  "promotion_rule": "Only a development-selected candidate satisfying uncertain and overall guardrails is carried to reused diagnostic.",
  "mm_lock_recommendation": "lock corrected candidate"
}
