2025/2026: 576 completed PL-club fixtures
2026/2027: 124 completed PL-club fixtures
50/700 fixtures; 1402 original ratings
100/700 fixtures; 2810 original ratings
150/700 fixtures; 4196 original ratings
200/700 fixtures; 5553 original ratings
250/700 fixtures; 6913 original ratings
300/700 fixtures; 8277 original ratings
350/700 fixtures; 9642 original ratings
400/700 fixtures; 10775 original ratings
450/700 fixtures; 11496 original ratings
500/700 fixtures; 12252 original ratings
550/700 fixtures; 13207 original ratings
600/700 fixtures; 14458 original ratings
650/700 fixtures; 15596 original ratings
700/700 fixtures; 16551 original ratings
{
  "total_rating_rows": 16551,
  "mapped": 14522,
  "unresolved": 2029,
  "ambiguous": 0,
  "invalid_rating": 0,
  "mapping_rules": [
    {
      "mapping_rule": "exact_name_team_match",
      "mapping_status": "unresolved",
      "rows": 612
    },
    {
      "mapping_rule": "known_provider_id",
      "mapping_status": "mapped",
      "rows": 14522
    },
    {
      "mapping_rule": "known_provider_id",
      "mapping_status": "unresolved",
      "rows": 1417
    }
  ],
  "no_fuzzy_matching": true,
  "source_pin": "1c9191ab6b0c191378ea27f257fdab2bae63caba"
}
