{
  "classification": "MM v2 development-selected role-slot assignment experiment; GW22-38 reused diagnostic",
  "ratings_used": false,
  "rating_source": null,
  "performance_weight_in_assignment": 0.0,
  "development_base": {
    "n": 4670,
    "state_log_loss": 0.45354262492461433,
    "state_brier": 0.23505916079229255,
    "sub_brier_given_nonstart": 0.0815917217045971,
    "xmins_mae": 11.395086213870078,
    "xmins_rmse": 21.670702036460813,
    "xmins_bias": -0.026123852628444702,
    "mean_q_sub_given_nonstart": 0.13445281025884873,
    "actual_q_sub_given_nonstart": 0.1382089552238806
  },
  "development_candidates": [
    {
      "l2": 0.5,
      "n": 4670,
      "state_log_loss": 0.453531657089486,
      "state_brier": 0.2350569295834249,
      "sub_brier_given_nonstart": 0.0815917217045971,
      "xmins_mae": 11.367760065970993,
      "xmins_rmse": 21.672933779924136,
      "xmins_bias": -0.014555916436826969,
      "mean_q_sub_given_nonstart": 0.13445281025884873,
      "actual_q_sub_given_nonstart": 0.1382089552238806,
      "delta_state_log_loss": -1.0967835128328218e-05,
      "delta_state_brier": -2.2312088676645914e-06,
      "delta_xmins_mae": -0.027326147899085385,
      "delta_xmins_rmse": 0.0022317434633229993
    },
    {
      "l2": 2.0,
      "n": 4670,
      "state_log_loss": 0.4535412122381024,
      "state_brier": 0.2350686566246308,
      "sub_brier_given_nonstart": 0.0815917217045971,
      "xmins_mae": 11.372762932126465,
      "xmins_rmse": 21.673521178994054,
      "xmins_bias": -0.01507229325762963,
      "mean_q_sub_given_nonstart": 0.13445281025884873,
      "actual_q_sub_given_nonstart": 0.1382089552238806,
      "delta_state_log_loss": -1.4126865119368226e-06,
      "delta_state_brier": 9.49583233825213e-06,
      "delta_xmins_mae": -0.02232328174361342,
      "delta_xmins_rmse": 0.0028191425332408926
    },
    {
      "l2": 10.0,
      "n": 4670,
      "state_log_loss": 0.4535807441885598,
      "state_brier": 0.23510210235054904,
      "sub_brier_given_nonstart": 0.0815917217045971,
      "xmins_mae": 11.386468444777304,
      "xmins_rmse": 21.675169547469256,
      "xmins_bias": -0.016632433164014443,
      "mean_q_sub_given_nonstart": 0.13445281025884873,
      "actual_q_sub_given_nonstart": 0.1382089552238806,
      "delta_state_log_loss": 3.811926394547971e-05,
      "delta_state_brier": 4.294155825648738e-05,
      "delta_xmins_mae": -0.008617769092774452,
      "delta_xmins_rmse": 0.004467511008442671
    },
    {
      "l2": 40.0,
      "n": 4670,
      "state_log_loss": 0.4536349231180915,
      "state_brier": 0.2351282025789801,
      "sub_brier_given_nonstart": 0.0815917217045971,
      "xmins_mae": 11.398421448826609,
      "xmins_rmse": 21.676558614096567,
      "xmins_bias": -0.018761594373285694,
      "mean_q_sub_given_nonstart": 0.13445281025884873,
      "actual_q_sub_given_nonstart": 0.1382089552238806,
      "delta_state_log_loss": 9.229819347716939e-05,
      "delta_state_brier": 6.904178668754035e-05,
      "delta_xmins_mae": 0.0033352349565305417,
      "delta_xmins_rmse": 0.005856577635753979
    }
  ],
  "selected_l2": 0.5,
  "reused_diagnostic": {
    "base": {
      "n": 13987,
      "state_log_loss": 0.4356944257979422,
      "state_brier": 0.23178097255445243,
      "sub_brier_given_nonstart": 0.07882755495627314,
      "xmins_mae": 11.487502344509036,
      "xmins_rmse": 21.43760181501542,
      "xmins_bias": -0.21605114971701758,
      "mean_q_sub_given_nonstart": 0.1221542811777256,
      "actual_q_sub_given_nonstart": 0.1343807943788426
    },
    "v2": {
      "n": 13987,
      "state_log_loss": 0.4355727631862194,
      "state_brier": 0.23178440925118315,
      "sub_brier_given_nonstart": 0.07882755495627314,
      "xmins_mae": 11.477555059639565,
      "xmins_rmse": 21.432927878070313,
      "xmins_bias": -0.21547430122203423,
      "mean_q_sub_given_nonstart": 0.1221542811777256,
      "actual_q_sub_given_nonstart": 0.1343807943788426
    },
    "delta": {
      "state_log_loss": -0.0001216626117228059,
      "state_brier": 3.4366967307242202e-06,
      "xmins_mae": -0.009947284869470607,
      "xmins_rmse": -0.00467393694510676,
      "xmins_bias": 0.0005768484949833508
    },
    "uncertain_base": {
      "n": 2644,
      "state_log_loss": 0.9709352846246259,
      "state_brier": 0.5637205034170688,
      "sub_brier_given_nonstart": 0.23447704652890752,
      "xmins_mae": 29.91282295790562,
      "xmins_rmse": 34.683744784199675,
      "xmins_bias": -1.465459655773825,
      "mean_q_sub_given_nonstart": 0.5313302238318505,
      "actual_q_sub_given_nonstart": 0.528957528957529
    },
    "uncertain_v2": {
      "n": 2644,
      "state_log_loss": 0.9709664482127885,
      "state_brier": 0.5636309429867387,
      "sub_brier_given_nonstart": 0.23447704652890752,
      "xmins_mae": 29.897550422154193,
      "xmins_rmse": 34.6897340851816,
      "xmins_bias": -1.2733353791118716,
      "mean_q_sub_given_nonstart": 0.5313302238318505,
      "actual_q_sub_given_nonstart": 0.528957528957529
    },
    "uncertain_delta": {
      "state_log_loss": 3.116358816268594e-05,
      "state_brier": -8.956043033014893e-05,
      "xmins_mae": -0.015272535751428507,
      "xmins_rmse": 0.005989300981923407,
      "xmins_bias": 0.19212427666195353
    }
  },
  "rules": {
    "one_player_max_one_slot": true,
    "exactly_11_unique_map_xi": true,
    "multi_role_allowed_but_single_assignment": true,
    "probabilistic_pstart_preserved": true,
    "minutes_models_unchanged": true
  },
  "promoted": false,
  "promotion_note": "Do not promote from reused diagnostic alone."
}
